TOKEN1 ade
SPACE  
TOKEN4 bbbbbb
SPACE  
TOKEN4 ababab
SPACE  
TOKEN1 c
