SPACE  
TOKEN4 ecab
SPACE  
TOKEN1 c
TOKEN3 def
TOKEN4 ab
TOKEN1 c
TOKEN1 de
SPACE  
TOKEN4 ab
TOKEN1 c
