PATTERN4 101
SPACE  
PATTERN4 101
NEWLINE \n
SPACE  
PATTERN3  001
SPACE  
SPACE  
PATTERN3  001
SPACE  
SPACE  
PATTERN2 101010
SPACE  
