PATTERN4 101
NEWLINE \n
PATTERN1 1
SPACE  
PATTERN5 01
PATTERN5 111101
NEWLINE \n
SPACE  
PATTERN2 1010
SPACE  
PATTERN4 101
SPACE  
PATTERN4 101
SPACE  
SPACE  
SPACE  
PATTERN3  001
SPACE  
